[
  {
    "id": "46d3e889-bea6-463d-83a4-81298c821230",
    "week_number": 2,
    "year": 2026
  },
  {
    "id": "43023410-8c4c-45d2-99b2-b8aab2a05b2e",
    "week_number": 2,
    "year": 2026
  },
  {
    "id": "90a87859-d19f-4fd0-8199-e2918c7525b4",
    "week_number": 2,
    "year": 2026
  },
  {
    "id": "2f161f48-ddbc-4bc7-b320-d006ec80bc20",
    "week_number": 2,
    "year": 2026
  },
  {
    "id": "aa18e130-1068-4a8d-b9ba-de549fdf657f",
    "week_number": 3,
    "year": 2026
  },
  {
    "id": "b10804a7-1c72-4d84-b59c-ba04652ad83e",
    "week_number": 3,
    "year": 2026
  },
  {
    "id": "02189fab-c0c6-4374-8513-b5852d5e9377",
    "week_number": 9,
    "year": 2026
  },
  {
    "id": "f561e172-ed39-456c-aa54-44f48e1bd6fb",
    "week_number": 2,
    "year": 2026
  },
  {
    "id": "0c2e95ba-8e10-40a1-bbae-a941be60c45d",
    "week_number": 2,
    "year": 2026
  },
  {
    "id": "bfb5c332-1ca3-443a-ad28-e2b510046369",
    "week_number": 2,
    "year": 2026
  },
  {
    "id": "7389efa8-7e7b-4b97-b582-28cf2a31c295",
    "week_number": 2,
    "year": 2026
  },
  {
    "id": "855945c7-7d49-4b2c-9a90-2a03e2d2b9ba",
    "week_number": 2,
    "year": 2026
  },
  {
    "id": "cebbd399-2d45-4575-8abf-ab9424f39ce3",
    "week_number": 2,
    "year": 2026
  },
  {
    "id": "6c7e37e4-1aec-439e-9897-14dc8b2490aa",
    "week_number": 2,
    "year": 2026
  },
  {
    "id": "6800320a-11e8-49c7-88dc-d9d81077401b",
    "week_number": 2,
    "year": 2026
  },
  {
    "id": "850b0a05-de90-4737-8148-4b587377bec3",
    "week_number": 2,
    "year": 2026
  },
  {
    "id": "07d230f6-dc3c-4ec8-8ba2-b2fa1ca5a814",
    "week_number": 3,
    "year": 2026
  },
  {
    "id": "e48d8039-70e1-4e4a-9a9a-fb0e06372024",
    "week_number": 2,
    "year": 2026
  },
  {
    "id": "cff218d6-c83c-4aef-bc23-85426dd4c6a2",
    "week_number": 8,
    "year": 2026
  },
  {
    "id": "c49f8901-d567-41fa-aa09-977a2535acf9",
    "week_number": 3,
    "year": 2026
  }
]
